Microchip MPLAB XC8 Compiler V2.45

Linker command line:

-W-3 \
  --edf=C:\Program Files\Microchip\xc8\v2.45\pic\dat\20230818022343_en.msgs \
  -cn -h+dist/default/debug\final_test.X.debug.sym \
  --cmf=dist/default/debug\final_test.X.debug.cmf -z -Q18F4520 \
  -oC:\Users\YMH\AppData\Local\Temp\xcBs9ko.1\driver_tmp_3.o \
  --defsym=__MPLAB_BUILD=1 --fixupoverflow=error \
  -Mdist/default/debug/final_test.X.debug.map \
  --md=C:\Users\YMH\AppData\Local\Temp\xcBs9ko.1\driver_tmp_0.dat -E1 \
  -ver=XC8 Compiler --acfsm=1493 -ACODE=00h-07DBFh -ACONST=00h-07DBFh \
  -ASMALLCONST=0600h-06FFhx119,07D00h-07DBFh -AMEDIUMCONST=0600h-07DBFh \
  -ACOMRAM=01h-07Fh -AABS1=00h-05F3h -ABIGRAM=01h-05F3h \
  -ARAM=080h-0FFh,0100h-01FFhx4,0500h-05F3h -ABANK0=080h-0FFh \
  -ABANK1=0100h-01FFh -ABANK2=0200h-02FFh -ABANK3=0300h-03FFh \
  -ABANK4=0400h-04FFh -ABANK5=0500h-05F3h \
  -ASFR=0F80h-0F9Bh,0F9Dh-0FD3h,0FD5h-0FDAh,0FE0h-0FE2h,0FE8h-0FEAh,0FF0h-0FFCh \
  -ABIGSFR=0F80h-0F9Bh,0F9Dh-0FD3h,0FD5h-0FDAh,0FE0h-0FE2h,0FE8h-0FEAh,0FF0h-0FFCh \
  -ACONFIG=0300000h-030000Dh -AIDLOC=0200000h-0200007h \
  -AEEDATA=0F00000h-0F000FFh -peeprom_data=EEDATA \
  -preset_vec=00h,intcode=08h,intcodelo=018h,powerup,init -pramtop=0600h \
  -psmallconst=SMALLCONST -pmediumconst=MEDIUMCONST -pconst=CONST \
  -AFARRAM=00h-00h \
  -prdata=COMRAM,nvrram=COMRAM,nvbit=COMRAM,rbss=COMRAM,rbit=COMRAM \
  -pfarbss=FARRAM,fardata=FARRAM,nvFARRAM=FARRAM \
  -pintsave_regs=BIGRAM,bigbss=BIGRAM,bigdata=BIGRAM -pbss=RAM \
  -pidata=CODE,irdata=CODE,ibigdata=CODE,ifardata=CODE -prparam=COMRAM \
  C:\Users\YMH\AppData\Local\Temp\xcBs9ko.1\driver_tmp_9.o \
  dist/default/debug\final_test.X.debug.o 

Object code version is 3.11

Machine type is 18F4520



                Name                               Link     Load   Length Selector   Space Scale
C:\Users\YMH\AppData\Local\Temp\xcBs9ko.1\driver_tmp_9.o
                idloc                            200000   200000        8        0       5
                config                           300000   300000        E        0       4
                init                                 6C       6C        4        C       0
                reset_vec                             0        0        4        0       0
dist/default/debug\final_test.X.debug.o
                intcodelo                            18       18       54        C       0
                intcode                               8        8        6        4       0
                idloc                            200000   200000        8        0       5
                config                           300000   300000        E        0       4
                temp                                 62       62        1        1       1
                smallconst                          600      600       2E      300       0
                intcode_body                        E60      E60        6      317       0
                text12                              C16      C16       B0      317       0
                text11                              E30      E30       16      317       0
                text10                              CC6      CC6       60      317       0
                text8                               E1A      E1A       16      317       0
                text7                               DA6      DA6       26      317       0
                text6                               E58      E58        8      317       0
                text5                               E50      E50        8      317       0
                text4                               DCC      DCC       22      317       0
                text3                               E04      E04       16      317       0
                text2                               DEE      DEE       16      317       0
                text1                               D26      D26       42      317       0
                text0                               62E      62E      5E8      317       0
                cstackCOMRAM                          1        1       2D        1       1
                dataCOMRAM                           58       58        A        1       1
                bssCOMRAM                            2E       2E       2A        1       1
                cinit                               D68      D68       3E      317       0
                idataCOMRAM                         E46      E46        A      317       0

TOTAL           Name                               Link     Load   Length     Space
        CLASS   CODE           
                intcodelo                            18       18       54         0
                intcode                               8        8        6         0
                init                                 6C       6C        4         0
                reset_vec                             0        0        4         0
                intcode_body                        E60      E60        6         0
                text12                              C16      C16       B0         0
                text11                              E30      E30       16         0
                text10                              CC6      CC6       60         0
                text8                               E1A      E1A       16         0
                text7                               DA6      DA6       26         0
                text6                               E58      E58        8         0
                text5                               E50      E50        8         0
                text4                               DCC      DCC       22         0
                text3                               E04      E04       16         0
                text2                               DEE      DEE       16         0
                text1                               D26      D26       42         0
                text0                               62E      62E      5E8         0
                cinit                               D68      D68       3E         0
                idataCOMRAM                         E46      E46        A         0

        CLASS   CONST          

        CLASS   SMALLCONST     
                smallconst                          600      600       2E         0

        CLASS   MEDIUMCONST    

        CLASS   COMRAM         
                temp                                 62       62        1         1
                cstackCOMRAM                          1        1       2D         1
                dataCOMRAM                           58       58        A         1
                bssCOMRAM                            2E       2E       2A         1

        CLASS   ABS1           

        CLASS   BIGRAM         

        CLASS   RAM            

        CLASS   BANK0          

        CLASS   BANK1          

        CLASS   BANK2          

        CLASS   BANK3          

        CLASS   BANK4          

        CLASS   BANK5          

        CLASS   SFR            

        CLASS   BIGSFR         

        CLASS   CONFIG         
                config                           300000   300000        E         4

        CLASS   IDLOC          
                idloc                            200000   200000        8         5

        CLASS   EEDATA         

        CLASS   FARRAM         

        CLASS   HEAP           

        CLASS   STACK          



SEGMENTS        Name                           Load    Length   Top    Selector   Space  Class

                reset_vec                      000000  000004  000004         0       0  CODE    
                cstackCOMRAM                   000001  000062  000063         1       1  COMRAM  
                intcode                        000008  000006  00000E         4       0  CODE    
                intcodelo                      000018  000058  000070         C       0  CODE    
                smallconst                     000600  00002E  00062E       300       0  SMALLCON
                text0                          00062E  000838  000E66       317       0  CODE    


UNUSED ADDRESS RANGES

        Name                Unused          Largest block    Delta
        BANK0            000080-0000FF               80
        BANK1            000100-0001FF              100
        BANK2            000200-0002FF              100
        BANK3            000300-0003FF              100
        BANK4            000400-0004FF              100
        BANK5            000500-0005F3               F4
        BIGRAM           000063-0005F3              591
        BIGSFR           000F80-000F9B               1C
                         000F9D-000FD3               37
                         000FD5-000FDA                6
                         000FE0-000FE2                3
                         000FE8-000FEA                3
                         000FF0-000FFC                D
        CODE             000004-000007                4
                         00000E-000017                A
                         000070-0005FF              590
                         000E66-007DBF             6F5A
        COMRAM           000063-00007F               1D
        CONST            000004-000007                4
                         00000E-000017                A
                         000070-0005FF              590
                         000E66-007DBF             6F5A
        EEDATA           F00000-F000FF              100
        MEDIUMCONST      000E66-007DBF             6F5A
        RAM              000080-0005F3              100
        SFR              000F80-000F9B               1C
                         000F9D-000FD3               37
                         000FD5-000FDA                6
                         000FE0-000FE2                3
                         000FE8-000FEA                3
                         000FF0-000FFC                D
        SMALLCONST       000E66-007DBF              100

                                  Symbol Table

?___awmod                      cstackCOMRAM 000001
UART_Write@data                cstackCOMRAM 00000D
UART_Write_Text@i              cstackCOMRAM 000010
UART_Write_Text@text           cstackCOMRAM 00000E
_ADCON0bits                    (abs)        000FC2
_ADCON1                        (abs)        000FC1
_ADCON2bits                    (abs)        000FC0
_ADC_Initialize                text8        000E1A
_ADFM                          (abs)        007E07
_ADRESH                        (abs)        000FC4
_ADRESL                        (abs)        000FC3
_BAUDCONbits                   (abs)        000FB8
_CCP1CONbits                   (abs)        000FBD
_CCP1_Initialize               text7        000DA6
_CCPR1L                        (abs)        000FBE
_CREN                          (abs)        007D5C
_Hi_ISR                        intcode      000008
_INTCONbits                    (abs)        000FF2
_INTERRUPT_Initialize          text6        000E58
_IPR1bits                      (abs)        000F9F
_IRCF0                         (abs)        007E9C
_IRCF1                         (abs)        007E9D
_IRCF2                         (abs)        007E9E
_LATA                          (abs)        000F89
_LATC                          (abs)        000F8B
_LATD                          (abs)        000F8C
_LATE                          (abs)        000F8D
_Lo_ISR                        intcodelo    000018
_MyusartRead                   text10       000CC6
_OSCILLATOR_Initialize         text5        000E50
_PIE1bits                      (abs)        000F9D
_PIR1bits                      (abs)        000F9E
_PORTB                         (abs)        000F81
_PORTBbits                     (abs)        000F81
_PR2                           (abs)        000FCB
_RCIF                          (abs)        007CF5
_RCONbits                      (abs)        000FD0
_RCREG                         (abs)        000FAE
_RCSTAbits                     (abs)        000FAB
_SPBRG                         (abs)        000FAF
_SYSTEM_Initialize             text3        000E04
_T2CONbits                     (abs)        000FCA
_TRISA                         (abs)        000F92
_TRISB                         (abs)        000F93
_TRISCbits                     (abs)        000F94
_TRISD                         (abs)        000F95
_TRISE                         (abs)        000F96
_TXREG                         (abs)        000FAD
_TXSTAbits                     (abs)        000FAC
_UART_Initialize               text4        000DCC
_UART_Write                    text2        000DEE
_UART_Write_Text               text1        000D26
__HRAM                         (abs)        000000
__H__absolute__                __absolute__ 000000
__Habs1                        abs1         000000
__Hbank0                       bank0        000000
__Hbank1                       bank1        000000
__Hbank2                       bank2        000000
__Hbank3                       bank3        000000
__Hbank4                       bank4        000000
__Hbank5                       bank5        000000
__Hbigbss                      bigbss       000000
__Hbigdata                     bigdata      000000
__Hbigram                      bigram       000000
__Hbigsfr                      bigsfr       000000
__Hbss                         bss          000000
__HbssCOMRAM                   bssCOMRAM    000000
__Hcinit                       cinit        000000
__Hclrtext                     clrtext      000000
__Hcomram                      comram       000000
__Hconfig                      config       30000E
__Hconst                       const        000000
__HcstackCOMRAM                cstackCOMRAM 000000
__Hdata                        data         000000
__HdataCOMRAM                  dataCOMRAM   000000
__Heeprom_data                 eeprom_data  000000
__Hfarbss                      farbss       000000
__Hfardata                     fardata      000000
__Hheap                        heap         000000
__Hibigdata                    ibigdata     000000
__Hidata                       idata        000000
__HidataCOMRAM                 idataCOMRAM  000000
__Hidloc                       idloc        200008
__Hifardata                    ifardata     000000
__Hinit                        init         000070
__Hintcode                     intcode      00000E
__Hintcode_body                intcode_body 000000
__Hintcodelo                   intcodelo    00006C
__Hintentry                    intentry     000000
__Hintret                      intret       000000
__Hintsave_regs                intsave_regs 000000
__Hirdata                      irdata       000000
__Hmediumconst                 mediumconst  000000
__HnvFARRAM                    nvFARRAM     000000
__Hnvbit                       nvbit        000000
__Hnvrram                      nvrram       000000
__Hparam                       rparam       000000
__Hpowerup                     powerup      00006C
__Hram                         ram          000000
__Hramtop                      ramtop       000600
__Hrbit                        rbit         000000
__Hrbss                        rbss         000000
__Hrdata                       rdata        000000
__Hreset_vec                   reset_vec    000004
__Hrparam                      rparam       000000
__Hsfr                         sfr          000000
__Hsmallconst                  smallconst   00062E
__Hspace_0                     (abs)        000E66
__Hspace_1                     (abs)        000063
__Hspace_2                     (abs)        000000
__Hspace_4                     (abs)        60000E
__Hstack                       stack        000000
__Hstruct                      struct       000000
__Htemp                        temp         000063
__Htext                        text         000000
__Htext0                       text0        000000
__Htext1                       text1        000000
__Htext10                      text10       000000
__Htext11                      text11       000000
__Htext12                      text12       000000
__Htext2                       text2        000000
__Htext3                       text3        000000
__Htext4                       text4        000000
__Htext5                       text5        000000
__Htext6                       text6        000000
__Htext7                       text7        000000
__Htext8                       text8        000000
__LRAM                         (abs)        000001
__L__absolute__                __absolute__ 000000
__Labs1                        abs1         000000
__Lbank0                       bank0        000000
__Lbank1                       bank1        000000
__Lbank2                       bank2        000000
__Lbank3                       bank3        000000
__Lbank4                       bank4        000000
__Lbank5                       bank5        000000
__Lbigbss                      bigbss       000000
__Lbigdata                     bigdata      000000
__Lbigram                      bigram       000000
__Lbigsfr                      bigsfr       000000
__Lbss                         bss          000000
__LbssCOMRAM                   bssCOMRAM    000000
__Lcinit                       cinit        000000
__Lclrtext                     clrtext      000000
__Lcomram                      comram       000000
__Lconfig                      config       000000
__Lconst                       const        000000
__LcstackCOMRAM                cstackCOMRAM 000000
__Ldata                        data         000000
__LdataCOMRAM                  dataCOMRAM   000000
__Leeprom_data                 eeprom_data  000000
__Lfarbss                      farbss       000000
__Lfardata                     fardata      000000
__Lheap                        heap         000000
__Libigdata                    ibigdata     000000
__Lidata                       idata        000000
__LidataCOMRAM                 idataCOMRAM  000000
__Lidloc                       idloc        000000
__Lifardata                    ifardata     000000
__Linit                        init         00006C
__Lintcode                     intcode      000008
__Lintcode_body                intcode_body 000000
__Lintcodelo                   intcodelo    000018
__Lintentry                    intentry     000000
__Lintret                      intret       000000
__Lintsave_regs                intsave_regs 000000
__Lirdata                      irdata       000000
__Lmediumconst                 mediumconst  000000
__LnvFARRAM                    nvFARRAM     000000
__Lnvbit                       nvbit        000000
__Lnvrram                      nvrram       000000
__Lparam                       rparam       000000
__Lpowerup                     powerup      00006C
__Lram                         ram          000000
__Lramtop                      ramtop       000600
__Lrbit                        rbit         000000
__Lrbss                        rbss         000000
__Lrdata                       rdata        000000
__Lreset_vec                   reset_vec    000000
__Lrparam                      rparam       000000
__Lsfr                         sfr          000000
__Lsmallconst                  smallconst   000600
__Lspace_0                     (abs)        000000
__Lspace_1                     (abs)        000000
__Lspace_2                     (abs)        000000
__Lspace_4                     (abs)        000000
__Lstack                       stack        000000
__Lstruct                      struct       000000
__Ltemp                        temp         000062
__Ltext                        text         000000
__Ltext0                       text0        000000
__Ltext1                       text1        000000
__Ltext10                      text10       000000
__Ltext11                      text11       000000
__Ltext12                      text12       000000
__Ltext2                       text2        000000
__Ltext3                       text3        000000
__Ltext4                       text4        000000
__Ltext5                       text5        000000
__Ltext6                       text6        000000
__Ltext7                       text7        000000
__Ltext8                       text8        000000
__S0                           (abs)        000E66
__S1                           (abs)        000063
__S4                           (abs)        000000
__S5                           (abs)        000000
___awmod                       text12       000C16
___awmod@counter               cstackCOMRAM 000005
___awmod@dividend              cstackCOMRAM 000001
___awmod@divisor               cstackCOMRAM 000003
___awmod@sign                  cstackCOMRAM 000006
___heap_hi                     (abs)        000000
___heap_lo                     (abs)        000000
___inthi_sp                    stack        000000
___inthi_stack_hi              stack        000000
___inthi_stack_lo              stack        000000
___intlo_sp                    stack        000000
___intlo_stack_hi              stack        000000
___intlo_stack_lo              stack        000000
___param_bank                  (abs)        000000
___rparam_used                 (abs)        000001
___sp                          stack        000000
___stack_hi                    stack        000000
___stack_lo                    stack        000000
__accesstop                    (abs)        000080
__activetblptr                 (abs)        000001
__end_of_ADC_Initialize        text8        000E30
__end_of_CCP1_Initialize       text7        000DCC
__end_of_Hi_ISR                intcode_body 000E66
__end_of_INTERRUPT_Initialize  text6        000E60
__end_of_Lo_ISR                intcodelo    00006C
__end_of_MyusartRead           text10       000D26
__end_of_OSCILLATOR_Initialize text5        000E58
__end_of_SYSTEM_Initialize     text3        000E1A
__end_of_UART_Initialize       text4        000DEE
__end_of_UART_Write            text2        000E04
__end_of_UART_Write_Text       text1        000D68
__end_of___awmod               text12       000CC6
__end_of__initialization       cinit        000D94
__end_of_main                  text0        000C16
__end_ofi1_UART_Write          text11       000E46
__initialization               cinit        000D68
__mediumconst                  mediumconst  000000
__pbssCOMRAM                   bssCOMRAM    00002E
__pcinit                       cinit        000D68
__pcstackCOMRAM                cstackCOMRAM 000001
__pdataCOMRAM                  dataCOMRAM   000058
__pidataCOMRAM                 idataCOMRAM  000E46
__pintcode                     intcode      000008
__pintcode_body                intcode_body 000E60
__pintcodelo                   intcodelo    000018
__psmallconst                  smallconst   000600
__ptext0                       text0        00062E
__ptext1                       text1        000D26
__ptext10                      text10       000CC6
__ptext11                      text11       000E30
__ptext12                      text12       000C16
__ptext2                       text2        000DEE
__ptext3                       text3        000E04
__ptext4                       text4        000DCC
__ptext5                       text5        000E50
__ptext6                       text6        000E58
__ptext7                       text7        000DA6
__ptext8                       text8        000E1A
__ramtop                       ramtop       000600
__smallconst                   smallconst   000600
_lenStr                        bssCOMRAM    000042
_main                          text0        00062E
_mystring                      bssCOMRAM    000044
_str                           bssCOMRAM    00002E
btemp                          temp         000062
end_of_initialization          cinit        000D94
i1UART_Write@data              cstackCOMRAM 000001
i1_UART_Write                  text11       000E30
int$flags                      temp         000062
int_func                       intcode_body 000E60
intlevel0                      text         000000
intlevel1                      text         000000
intlevel2                      text         000000
intlevel3                      text         000000
isa$std                        (abs)        000001
isa$xinst                      (abs)        000000
main@F3085                     dataCOMRAM   000058
main@count                     cstackCOMRAM 00002C
main@emergency                 cstackCOMRAM 00002A
main@i                         cstackCOMRAM 000024
main@i_178                     cstackCOMRAM 000026
main@i_179                     cstackCOMRAM 000028
main@i_184                     cstackCOMRAM 00001E
main@i_187                     cstackCOMRAM 000020
main@normal                    cstackCOMRAM 000022
main@number                    cstackCOMRAM 000014
stackhi                        (abs)        000000
stacklo                        (abs)        000000
start                          init         00006C
start_initialization           cinit        000D68
ttemp5                         temp         000063
ttemp6                         temp         000066
ttemp7                         temp         00006A
wtemp8                         temp         000063


MODULE INFORMATION

Module		Function		Class		Link	Load	Size
setting_hardaware/interrupt_manager.c
		_INTERRUPT_Initialize		CODE           	0E58	0000	8

setting_hardaware/interrupt_manager.c estimated size: 8

setting_hardaware/uart.c
		_Lo_ISR        		CODE           	0018	0000	84
		_MyusartRead   		CODE           	0CC6	0000	96
		_UART_Write_Text		CODE           	0D26	0000	66
		_UART_Initialize		CODE           	0DCC	0000	34
		_UART_Write    		CODE           	0DEE	0000	22

setting_hardaware/uart.c estimated size: 302

setting_hardaware/ccp1.c
		_CCP1_Initialize		CODE           	0DA6	0000	38

setting_hardaware/ccp1.c estimated size: 38

setting_hardaware/adc.c
		_ADC_Initialize		CODE           	0E1A	0000	22

setting_hardaware/adc.c estimated size: 22

C:\Program Files\Microchip\xc8\v2.45\pic\sources\c99\common\awmod.c
		___awmod       		CODE           	0C16	0000	176

C:\Program Files\Microchip\xc8\v2.45\pic\sources\c99\common\awmod.c estimated size: 176

shared
		i1_UART_Write  		CODE           	0E30	0000	22
		__initialization		CODE           	0D68	0000	44

shared estimated size: 66

setting_hardaware/setting.c
		_OSCILLATOR_Initialize		CODE           	0E50	0000	8
		_SYSTEM_Initialize		CODE           	0E04	0000	22

setting_hardaware/setting.c estimated size: 30

main.c
		_main          		CODE           	062E	0000	1512
		_Hi_ISR        		CODE           	0008	0000	12

main.c estimated size: 1524

